src/components/tools/JFIIdeaGenerator.tsx(18,70): error TS6133: 'onNavigate' is declared but its value is never read.
